// Jest Snapshot v1, https://goo.gl/fbAQLP

exports[`<SubmitButton /> matches snapshot 1`] = `
<button
  class="undefined group w-40 h-10 text-xl font-semibold flex items-center justify-center rounded-lg transition-shadow shadow-md hover:shadow-lg shadow-pink-900 hover:shadow-pink-900 bg-orange-400"
  type="submit"
>
  <p>
    foo
  </p>
</button>
`;
