// Jest Snapshot v1, https://goo.gl/fbAQLP

exports[`<Navbar /> matches snapshot 1`] = `
<nav
  class="shadow-md flex md:justify-between lg:justify-between justify-center  p-5 top-0 w-screen"
>
  <p
    role="paragraph"
  >
    Test Elem
  </p>
</nav>
`;
