// Jest Snapshot v1, https://goo.gl/fbAQLP

exports[`<NoMetaMask /> matches snapshot 1`] = `
<div
  class="w-screen flex flex-col items-center mt-5"
  data-testid="no-meta-mask wrapper"
>
  <h3
    class="text-2xl"
  >
    MetaMask is not installed. It is required for this application to function correctly.
  </h3>
  <h5
    class="text-xl"
  >
    Get it 
    <a
      class="text-blue-500 underline"
      href="https://metamask.io"
      rel="noopener noreferrer"
      target="_blank"
    >
      here
    </a>
     and refresh the page.
  </h5>
</div>
`;
