// Jest Snapshot v1, https://goo.gl/fbAQLP

exports[`<DarkModeToggle /> matches snapshot 1`] = `
<button
  aria-label="Toggle dark mode"
  class="p-3 border-2 rounded-full ml-2 hover:text-gray-500 dark:border-white border-gray-700"
>
  <svg
    data-testid="darkModeIcon-sun"
    fill="none"
    height="1em"
    stroke="currentColor"
    stroke-linecap="round"
    stroke-linejoin="round"
    stroke-width="2"
    viewBox="0 0 24 24"
    width="1em"
    xmlns="http://www.w3.org/2000/svg"
  >
    <circle
      cx="12"
      cy="12"
      r="5"
    />
    <line
      x1="12"
      x2="12"
      y1="1"
      y2="3"
    />
    <line
      x1="12"
      x2="12"
      y1="21"
      y2="23"
    />
    <line
      x1="4.22"
      x2="5.64"
      y1="4.22"
      y2="5.64"
    />
    <line
      x1="18.36"
      x2="19.78"
      y1="18.36"
      y2="19.78"
    />
    <line
      x1="1"
      x2="3"
      y1="12"
      y2="12"
    />
    <line
      x1="21"
      x2="23"
      y1="12"
      y2="12"
    />
    <line
      x1="4.22"
      x2="5.64"
      y1="19.78"
      y2="18.36"
    />
    <line
      x1="18.36"
      x2="19.78"
      y1="5.64"
      y2="4.22"
    />
  </svg>
</button>
`;
