// Jest Snapshot v1, https://goo.gl/fbAQLP

exports[`foo matches snapshot 1`] = `
<form
  class="w-1/2 p-4 flex flex-col justify-items-start items-start gap-1"
  data-testid="form"
  id="create-xathon"
>
  <h3
    class="font-semibold text-xl self-center"
  >
    Create a new 
    <span
      class="accent-text"
    >
      Xathon
    </span>
     contract
  </h3>
  <p
    class="text-black text-md"
  />
  <label
    class="font-semibold"
    for="address"
  >
    Donation recipient address
  </label>
  <p
    class="text-black text-md"
  />
  <div
    class="w-2/3 h-10 relative"
    data-testid="input-wrapper"
  >
    <input
      class="rounded-lg bg-pink-200 focus:outline-none focus:border-2 border-pink-500 shadow-md shadow-pink-800  h-full w-full pl-2 pr-2  "
      id="address"
      name="address"
      placeholder="Enter address"
      type="text"
    />
  </div>
  <label
    class="font-semibold"
    for="name"
  >
    Xathon name
  </label>
  <p
    class="text-black text-md"
  />
  <div
    class="w-2/3 h-10 relative"
    data-testid="input-wrapper"
  >
    <input
      class="rounded-lg bg-pink-200 focus:outline-none focus:border-2 border-pink-500 shadow-md shadow-pink-800  h-full w-full pl-2 pr-2  "
      id="name"
      name="name"
      placeholder="Enter name"
      type="text"
    />
  </div>
  <label
    class="font-semibold"
    for="description"
  >
    Description
  </label>
  <p
    class="text-black text-xs"
  />
  <textarea
    class="
          resize-none rounded-lg block px-2 bg-pink-200 focus:outline-none focus:border-2 border-pink-500 shadow-md shadow-pink-800 block w-2/3 h-20"
    id="description"
    name="description"
    placeholder="Enter description"
  />
  <label
    class="font-semibold"
    for="unit"
  >
    Unit for xathon
  </label>
  <p
    class="text-black text-md"
  />
  <div
    class="w-30 h-10 relative"
    data-testid="input-wrapper"
  >
    <input
      class="rounded-lg bg-pink-200 focus:outline-none focus:border-2 border-pink-500 shadow-md shadow-pink-800  h-full w-full pl-2 pr-2  "
      id="unit"
      name="unit"
      placeholder="miles"
      type="text"
    />
  </div>
  <label
    class="font-semibold"
    for="minimumDeposit"
  >
    Minimum deposit
  </label>
  <p
    class="text-black text-md"
  />
  <div
    class="w-20 h-10 relative"
    data-testid="input-wrapper"
  >
    <input
      class="rounded-lg bg-pink-200 focus:outline-none focus:border-2 border-pink-500 shadow-md shadow-pink-800  h-full w-full pl-2 pr-2  "
      id="minimumDeposit"
      name="minimumDeposit"
      placeholder="0"
      type="text"
    />
  </div>
  <button
    class="self-center group w-40 h-10 text-xl font-semibold flex items-center justify-center rounded-lg transition-shadow shadow-md hover:shadow-lg shadow-pink-900 hover:shadow-pink-900 bg-orange-400"
    form="create-xathon"
    type="submit"
  >
    <span>
      Create
      <svg
        class="transition-transform transform group-hover:scale-125 ml-2 inline-block"
        fill="currentColor"
        height="1em"
        stroke="currentColor"
        stroke-width="0"
        viewBox="0 0 1024 1024"
        width="1em"
        xmlns="http://www.w3.org/2000/svg"
      >
        <path
          d="M696 480H544V328c0-4.4-3.6-8-8-8h-48c-4.4 0-8 3.6-8 8v152H328c-4.4 0-8 3.6-8 8v48c0 4.4 3.6 8 8 8h152v152c0 4.4 3.6 8 8 8h48c4.4 0 8-3.6 8-8V544h152c4.4 0 8-3.6 8-8v-48c0-4.4-3.6-8-8-8z"
        />
        <path
          d="M512 64C264.6 64 64 264.6 64 512s200.6 448 448 448 448-200.6 448-448S759.4 64 512 64zm0 820c-205.4 0-372-166.6-372-372s166.6-372 372-372 372 166.6 372 372-166.6 372-372 372z"
        />
      </svg>
    </span>
  </button>
  <p
    class="text-sm self-center mt-1"
  >
    Your request could take a while to complete
  </p>
</form>
`;
