// Jest Snapshot v1, https://goo.gl/fbAQLP

exports[`<Textarea /> matches snapshot 1`] = `
<textarea
  class="
          resize-none dark:bg-gray-700 rounded-lg block px-2 bg-gray-200 w-screen"
  id="Textarea"
  name="Textarea"
  placeholder="search"
/>
`;
