// Jest Snapshot v1, https://goo.gl/fbAQLP

exports[`<ErrorText /> matches snapshot 1`] = `
<p
  class="text-black class"
>
  foo
</p>
`;
